this is: 5
this is: 4
this is: 3
this is: 2
this is: 1
this is: 0

this is: 3
this is: 2
this is: 1
this is: 0
this is: 3
this is: 2
this is: 1
this is: 0
this is: 3
this is: 2
this is: 1
this is: 0

this is: 5
this is: 4
this is: 3
this is: 2

this is: 5
this is: 4
this is: 3
this is: 2
this is: 5
this is: 4
this is: 3
this is: 2
this is: 5
this is: 4
this is: 3
this is: 2

this is: 5
this is: 4
this is: 3
this is: 1
this is: 0

this is: 5
this is: 4
this is: 3
this is: 1
this is: 0
this is: 5
this is: 4
this is: 3
this is: 1
this is: 0
this is: 5
this is: 4
this is: 3
this is: 1
this is: 0
